2026-09-23 00:13:09,364 - app.tools.speech_helpers - ERROR - Google Translate failed, trying next engine
Traceback (most recent call last):
  File "D:\Project\from Github\Sn_System\SNPro_System\app\tools\speech_helpers.py", line 201, in translate_text
    translated = _translate_with_google(text, target_lang, source_lang)
  File "D:\Project\from Github\Sn_System\SNPro_System\app\tools\speech_helpers.py", line 139, in _translate_with_google
    from google.cloud import translate_v2 as translate
ModuleNotFoundError: No module named 'google.cloud'
2026-09-23 00:13:09,367 - app.tools.speech_helpers - ERROR - DeepL failed, falling back to NLLB-200
Traceback (most recent call last):
  File "D:\Project\from Github\Sn_System\SNPro_System\app\tools\speech_helpers.py", line 210, in translate_text
    translated = _translate_with_deepl(text, target_lang, source_lang)
  File "D:\Project\from Github\Sn_System\SNPro_System\app\tools\speech_helpers.py", line 145, in _translate_with_deepl
    import deepl # type: ignore
    ^^^^^^^^^^^^
ModuleNotFoundError: No module named 'deepl'
2026-09-23 09:01:32,319 - app.tools.speech_helpers - ERROR - Google Translate failed, trying next engine
Traceback (most recent call last):
  File "D:\Project\from Github\Sn_System\SNPro_System\app\tools\speech_helpers.py", line 201, in translate_text
    translated = _translate_with_google(text, target_lang, source_lang)
  File "D:\Project\from Github\Sn_System\SNPro_System\app\tools\speech_helpers.py", line 139, in _translate_with_google
    from google.cloud import translate_v2 as translate
ModuleNotFoundError: No module named 'google.cloud'
2026-09-23 09:01:32,365 - app.tools.speech_helpers - ERROR - DeepL failed, falling back to NLLB-200
Traceback (most recent call last):
  File "D:\Project\from Github\Sn_System\SNPro_System\app\tools\speech_helpers.py", line 210, in translate_text
    translated = _translate_with_deepl(text, target_lang, source_lang)
  File "D:\Project\from Github\Sn_System\SNPro_System\app\tools\speech_helpers.py", line 145, in _translate_with_deepl
    import deepl # type: ignore
    ^^^^^^^^^^^^
ModuleNotFoundError: No module named 'deepl'
2026-09-23 09:36:46,031 - app.tools.speech_helpers - ERROR - Google Translate failed, trying next engine
Traceback (most recent call last):
  File "D:\Project\from Github\Sn_System\SNPro_System\app\tools\speech_helpers.py", line 201, in translate_text
    translated = _translate_with_google(text, target_lang, source_lang)
  File "D:\Project\from Github\Sn_System\SNPro_System\app\tools\speech_helpers.py", line 139, in _translate_with_google
    from google.cloud import translate_v2 as translate
ModuleNotFoundError: No module named 'google.cloud'
2026-09-23 09:36:47,633 - app.tools.speech_helpers - ERROR - DeepL failed, falling back to NLLB-200
Traceback (most recent call last):
  File "D:\Project\from Github\Sn_System\SNPro_System\app\tools\speech_helpers.py", line 210, in translate_text
    translated = _translate_with_deepl(text, target_lang, source_lang)
  File "D:\Project\from Github\Sn_System\SNPro_System\app\tools\speech_helpers.py", line 147, in _translate_with_deepl
    result = translator.translate_text(
        text,
        target_lang=target_lang.upper(),
        source_lang=source_lang.upper() if source_lang else None,
    )
  File "D:\Project\from Github\Sn_System\SNPro_System\venv\Lib\site-packages\deepl\translator.py", line 585, in translate_text
    self._raise_for_status(status, content, json)
    ~~~~~~~~~~~~~~~~~~~~~~^^^^^^^^^^^^^^^^^^^^^^^
  File "D:\Project\from Github\Sn_System\SNPro_System\venv\Lib\site-packages\deepl\translator.py", line 207, in _raise_for_status
    raise DeepLException(
        f"Bad request{message}", http_status_code=status_code
    )
deepl.exceptions.DeepLException: Bad request, message: Bad request. Reason: Value for 'target_lang' not supported.
2026-09-23 09:58:23,534 - app.tools.speech_helpers - WARNING - Google rate limit — waiting 10s (attempt 1/3)
2026-09-23 09:58:34,303 - app.tools.speech_helpers - WARNING - Google rate limit — waiting 20s (attempt 2/3)
2026-09-23 09:58:55,093 - app.tools.speech_helpers - WARNING - Google gave up after 3 attempts, using MyMemory
2026-09-23 09:58:55,097 - app.tools.speech_helpers - ERROR - MyMemory also failed — returning original chunk
Traceback (most recent call last):
  File "D:\Project\from Github\Sn_System\SNPro_System\app\tools\speech_helpers.py", line 177, in translate_one
    return MyMemoryTranslator(source=mm_src, target=mm_tgt).translate(chunk)
           ~~~~~~~~~~~~~~~~~~^^^^^^^^^^^^^^^^^^^^^^^^^^^^^^
  File "D:\Project\from Github\Sn_System\SNPro_System\venv\Lib\site-packages\deep_translator\mymemory.py", line 39, in __init__
    super().__init__(
    ~~~~~~~~~~~~~~~~^
        base_url=BASE_URLS.get("MYMEMORY"),
        ^^^^^^^^^^^^^^^^^^^^^^^^^^^^^^^^^^^
    ...<3 lines>...
        languages=MY_MEMORY_LANGUAGES_TO_CODES,
        ^^^^^^^^^^^^^^^^^^^^^^^^^^^^^^^^^^^^^^^
    )
    ^
  File "D:\Project\from Github\Sn_System\SNPro_System\venv\Lib\site-packages\deep_translator\base.py", line 44, in __init__
    self._source, self._target = self._map_language_to_code(source, target)
    ^^^^^^^^^^^^^^^^^^^^^^^^^^
  File "D:\Project\from Github\Sn_System\SNPro_System\venv\Lib\site-packages\deep_translator\base.py", line 84, in _map_language_to_code
    raise LanguageNotSupportedException(
    ...<4 lines>...
    )
deep_translator.exceptions.LanguageNotSupportedException: en-EN --> No support for the provided language.
Please select on of the supported languages:
{'acehnese': 'ace-ID', 'afrikaans': 'af-ZA', 'akan': 'ak-GH', 'albanian': 'sq-AL', 'amharic': 'am-ET', 'antigua and barbuda creole english': 'aig-AG', 'arabic': 'ar-SA', 'arabic egyptian': 'ar-EG', 'aragonese': 'an-ES', 'armenian': 'hy-AM', 'assamese': 'as-IN', 'asturian': 'ast-ES', 'austrian german': 'de-AT', 'awadhi': 'awa-IN', 'ayacucho quechua': 'quy-PE', 'azerbaijani': 'az-AZ', 'bahamas creole english': 'bah-BS', 'bajan': 'bjs-BB', 'balinese': 'ban-ID', 'balkan gipsy': 'rm-RO', 'bambara': 'bm-ML', 'banjar': 'bjn-ID', 'bashkir': 'ba-RU', 'basque': 'eu-ES', 'belarusian': 'be-BY', 'belgian french': 'fr-BE', 'bemba': 'bem-ZM', 'bengali': 'bn-IN', 'bhojpuri': 'bho-IN', 'bihari': 'bh-IN', 'bislama': 'bi-VU', 'borana': 'gax-KE', 'bosnian': 'bs-BA', 'bosnian (cyrillic)': 'bs-Cyrl-BA', 'breton': 'br-FR', 'buginese': 'bug-ID', 'bulgarian': 'bg-BG', 'burmese': 'my-MM', 'catalan': 'ca-ES', 'catalan valencian': 'cav-ES', 'cebuano': 'ceb-PH', 'central atlas tamazight': 'tzm-MA', 'central aymara': 'ayr-BO', 'central kanuri (latin script)': 'knc-NG', 'chadian arabic': 'shu-TD', 'chamorro': 'ch-GU', 'cherokee': 'chr-US', 'chhattisgarhi': 'hne-IN', 'chinese simplified': 'zh-CN', 'chinese trad. (hong kong)': 'zh-HK', 'chinese traditional': 'zh-TW', 'chinese traditional macau': 'zh-MO', 'chittagonian': 'ctg-BD', 'chokwe': 'cjk-AO', 'classical greek': 'grc-GR', 'comorian ngazidja': 'zdj-KM', 'coptic': 'cop-EG', 'crimean tatar': 'crh-RU', 'crioulo upper guinea': 'pov-GW', 'croatian': 'hr-HR', 'czech': 'cs-CZ', 'danish': 'da-DK', 'dari': 'prs-AF', 'dimli': 'diq-TR', 'dutch': 'nl-NL', 'dyula': 'dyu-CI', 'dzongkha': 'dz-BT', 'eastern yiddish': 'ydd-US', 'emakhuwa': 'vmw-MZ', 'english': 'en-GB', 'english australia': 'en-AU', 'english canada': 'en-CA', 'english india': 'en-IN', 'english ireland': 'en-IE', 'english new zealand': 'en-NZ', 'english singapore': 'en-SG', 'english south africa': 'en-ZA', 'english us': 'en-US', 'esperanto': 'eo-EU', 'estonian': 'et-EE', 'ewe': 'ee-GH', 'fanagalo': 'fn-FNG', 'faroese': 'fo-FO', 'fijian': 'fj-FJ', 'filipino': 'fil-PH', 'finnish': 'fi-FI', 'flemish': 'nl-BE', 'fon': 'fon-BJ', 'french': 'fr-FR', 'french canada': 'fr-CA', 'french swiss': 'fr-CH', 'friulian': 'fur-IT', 'fula': 'ff-FUL', 'galician': 'gl-ES', 'gamargu': 'mfi-NG', 'garo': 'grt-IN', 'georgian': 'ka-GE', 'german': 'de-DE', 'gilbertese': 'gil-KI', 'glavda': 'glw-NG', 'greek': 'el-GR', 'grenadian creole english': 'gcl-GD', 'guarani': 'gn-PY', 'gujarati': 'gu-IN', 'guyanese creole english': 'gyn-GY', 'haitian creole french': 'ht-HT', 'halh mongolian': 'khk-MN', 'hausa': 'ha-NE', 'hawaiian': 'haw-US', 'hebrew': 'he-IL', 'higi': 'hig-NG', 'hiligaynon': 'hil-PH', 'hill mari': 'mrj-RU', 'hindi': 'hi-IN', 'hmong': 'hmn-CN', 'hungarian': 'hu-HU', 'icelandic': 'is-IS', 'igbo ibo': 'ibo-NG', 'igbo ig': 'ig-NG', 'ilocano': 'ilo-PH', 'indonesian': 'id-ID', 'inuktitut greenlandic': 'kl-GL', 'irish gaelic': 'ga-IE', 'italian': 'it-IT', 'italian swiss': 'it-CH', 'jamaican creole english': 'jam-JM', 'japanese': 'ja-JP', 'javanese': 'jv-ID', 'jingpho': 'kac-MM', "k'iche'": 'quc-GT', 'kabiyè': 'kbp-TG', 'kabuverdianu': 'kea-CV', 'kabylian': 'kab-DZ', 'kalenjin': 'kln-KE', 'kamba': 'kam-KE', 'kannada': 'kn-IN', 'kanuri': 'kr-KAU', 'karen': 'kar-MM', 'kashmiri (devanagari script)': 'ks-IN', 'kashmiri (arabic script)': 'kas-IN', 'kazakh': 'kk-KZ', 'khasi': 'kha-IN', 'khmer': 'km-KH', 'kikuyu kik': 'kik-KE', 'kikuyu ki': 'ki-KE', 'kimbundu': 'kmb-AO', 'kinyarwanda': 'rw-RW', 'kirundi': 'rn-BI', 'kisii': 'guz-KE', 'kongo': 'kg-CG', 'konkani': 'kok-IN', 'korean': 'ko-KR', 'northern kurdish': 'kmr-TR', 'kurdish sorani': 'ckb-IQ', 'kyrgyz': 'ky-KG', 'lao': 'lo-LA', 'latgalian': 'ltg-LV', 'latin': 'la-XN', 'latvian': 'lv-LV', 'ligurian': 'lij-IT', 'limburgish': 'li-NL', 'lingala': 'ln-LIN', 'lithuanian': 'lt-LT', 'lombard': 'lmo-IT', 'luba-kasai': 'lua-CD', 'luganda': 'lg-UG', 'luhya': 'luy-KE', 'luo': 'luo-KE', 'luxembourgish': 'lb-LU', 'maa': 'mas-KE', 'macedonian': 'mk-MK', 'magahi': 'mag-IN', 'maithili': 'mai-IN', 'malagasy': 'mg-MG', 'malay': 'ms-MY', 'malayalam': 'ml-IN', 'maldivian': 'dv-MV', 'maltese': 'mt-MT', 'mandara': 'mfi-CM', 'manipuri': 'mni-IN', 'manx gaelic': 'gv-IM', 'maori': 'mi-NZ', 'marathi': 'mr-IN', 'margi': 'mrt-NG', 'mari': 'mhr-RU', 'marshallese': 'mh-MH', 'mende': 'men-SL', 'meru': 'mer-KE', 'mijikenda': 'nyf-KE', 'minangkabau': 'min-ID', 'mizo': 'lus-IN', 'mongolian': 'mn-MN', 'montenegrin': 'sr-ME', 'morisyen': 'mfe-MU', 'moroccan arabic': 'ar-MA', 'mossi': 'mos-BF', 'ndau': 'ndc-MZ', 'ndebele': 'nr-ZA', 'nepali': 'ne-NP', 'nigerian fulfulde': 'fuv-NG', 'niuean': 'niu-NU', 'north azerbaijani': 'azj-AZ', 'sesotho': 'nso-ZA', 'northern uzbek': 'uzn-UZ', 'norwegian bokmål': 'nb-NO', 'norwegian nynorsk': 'nn-NO', 'nuer': 'nus-SS', 'nyanja': 'ny-MW', 'occitan': 'oc-FR', 'occitan aran': 'oc-ES', 'odia': 'or-IN', 'oriya': 'ory-IN', 'urdu': 'ur-PK', 'palauan': 'pau-PW', 'pali': 'pi-IN', 'pangasinan': 'pag-PH', 'papiamentu': 'pap-CW', 'pashto': 'ps-PK', 'persian': 'fa-IR', 'pijin': 'pis-SB', 'plateau malagasy': 'plt-MG', 'polish': 'pl-PL', 'portuguese': 'pt-PT', 'portuguese brazil': 'pt-BR', 'potawatomi': 'pot-US', 'punjabi': 'pa-IN', 'punjabi (pakistan)': 'pnb-PK', 'quechua': 'qu-PE', 'rohingya': 'rhg-MM', 'rohingyalish': 'rhl-MM', 'romanian': 'ro-RO', 'romansh': 'roh-CH', 'rundi': 'run-BI', 'russian': 'ru-RU', 'saint lucian creole french': 'acf-LC', 'samoan': 'sm-WS', 'sango': 'sg-CF', 'sanskrit': 'sa-IN', 'santali': 'sat-IN', 'sardinian': 'sc-IT', 'scots gaelic': 'gd-GB', 'sena': 'seh-ZW', 'serbian cyrillic': 'sr-Cyrl-RS', 'serbian latin': 'sr-Latn-RS', 'seselwa creole french': 'crs-SC', 'setswana (south africa)': 'tn-ZA', 'shan': 'shn-MM', 'shona': 'sn-ZW', 'sicilian': 'scn-IT', 'silesian': 'szl-PL', 'sindhi snd': 'snd-PK', 'sindhi sd': 'sd-PK', 'sinhala': 'si-LK', 'slovak': 'sk-SK', 'slovenian': 'sl-SI', 'somali': 'so-SO', 'sotho southern': 'st-LS', 'south azerbaijani': 'azb-AZ', 'southern pashto': 'pbt-PK', 'southwestern dinka': 'dik-SS', 'spanish': 'es-ES', 'spanish argentina': 'es-AR', 'spanish colombia': 'es-CO', 'spanish latin america': 'es-419', 'spanish mexico': 'es-MX', 'spanish united states': 'es-US', 'sranan tongo': 'srn-SR', 'standard latvian': 'lvs-LV', 'standard malay': 'zsm-MY', 'sundanese': 'su-ID', 'swahili': 'sw-KE', 'swati': 'ss-SZ', 'swedish': 'sv-SE', 'swiss german': 'de-CH', 'syriac (aramaic)': 'syc-TR', 'tagalog': 'tl-PH', 'tahitian': 'ty-PF', 'tajik': 'tg-TJ', 'tamashek (tuareg)': 'tmh-DZ', 'tamasheq': 'taq-ML', 'tamil india': 'ta-IN', 'tamil sri lanka': 'ta-LK', 'taroko': 'trv-TW', 'tatar': 'tt-RU', 'telugu': 'te-IN', 'tetum': 'tet-TL', 'thai': 'th-TH', 'tibetan': 'bo-CN', 'tigrinya': 'ti-ET', 'tok pisin': 'tpi-PG', 'tokelauan': 'tkl-TK', 'tongan': 'to-TO', 'tosk albanian': 'als-AL', 'tsonga': 'ts-ZA', 'tswa': 'tsc-MZ', 'tswana': 'tn-BW', 'tumbuka': 'tum-MW', 'turkish': 'tr-TR', 'turkmen': 'tk-TM', 'tuvaluan': 'tvl-TV', 'twi': 'tw-GH', 'udmurt': 'udm-RU', 'ukrainian': 'uk-UA', 'uma': 'ppk-ID', 'umbundu': 'umb-AO', 'uyghur uig': 'uig-CN', 'uyghur ug': 'ug-CN', 'uzbek': 'uz-UZ', 'venetian': 'vec-IT', 'vietnamese': 'vi-VN', 'vincentian creole english': 'svc-VC', 'virgin islands creole english': 'vic-US', 'wallisian': 'wls-WF', 'waray (philippines)': 'war-PH', 'welsh': 'cy-GB', 'west central oromo': 'gaz-ET', 'western persian': 'pes-IR', 'wolof': 'wo-SN', 'xhosa': 'xh-ZA', 'yiddish': 'yi-YD', 'yoruba': 'yo-NG', 'zulu': 'zu-ZA'}
2026-09-23 09:58:55,359 - app.tools.speech_helpers - ERROR - Primary TTS failed, falling back to gTTS: 401 Client Error: Unauthorized for url: https://api.elevenlabs.io/v1/text-to-speech/21m00Tcm4TlvDq8ikWAM
Traceback (most recent call last):
  File "D:\Project\from Github\Sn_System\SNPro_System\app\tools\speech_helpers.py", line 313, in synthesize_speech
    synthesize_with_elevenlabs(text, output_path, voice_id=elevenlabs_voice_id)
    ~~~~~~~~~~~~~~~~~~~~~~~~~~^^^^^^^^^^^^^^^^^^^^^^^^^^^^^^^^^^^^^^^^^^^^^^^^^
  File "D:\Project\from Github\Sn_System\SNPro_System\app\tools\speech_helpers.py", line 292, in synthesize_with_elevenlabs
    response.raise_for_status()
    ~~~~~~~~~~~~~~~~~~~~~~~~~^^
  File "D:\Project\from Github\Sn_System\SNPro_System\venv\Lib\site-packages\requests\models.py", line 1167, in raise_for_status
    raise HTTPError(http_error_msg, response=self)
requests.exceptions.HTTPError: 401 Client Error: Unauthorized for url: https://api.elevenlabs.io/v1/text-to-speech/21m00Tcm4TlvDq8ikWAM
2026-09-23 10:47:43,606 - app.tools.speech_helpers - WARNING - Google rate limit — waiting 10s (attempt 1/3)
2026-09-23 10:47:54,292 - app.tools.speech_helpers - WARNING - Google rate limit — waiting 20s (attempt 2/3)
2026-09-23 10:48:15,243 - app.tools.speech_helpers - WARNING - Google gave up after 3 attempts, using MyMemory
2026-09-23 10:48:15,249 - app.tools.speech_helpers - ERROR - MyMemory also failed — returning original chunk
Traceback (most recent call last):
  File "D:\Project\from Github\Sn_System\SNPro_System\app\tools\speech_helpers.py", line 182, in translate_one
    return MyMemoryTranslator(source=mm_src, target=mm_tgt).translate(chunk)
           ~~~~~~~~~~~~~~~~~~~~~~~~~~~~~~~~~~~~~~~~~~~~~~~~~~~~~~~~~~^^^^^^^
  File "D:\Project\from Github\Sn_System\SNPro_System\venv\Lib\site-packages\deep_translator\mymemory.py", line 57, in translate
    if is_input_valid(text, max_chars=500):
       ~~~~~~~~~~~~~~^^^^^^^^^^^^^^^^^^^^^
  File "D:\Project\from Github\Sn_System\SNPro_System\venv\Lib\site-packages\deep_translator\validate.py", line 41, in is_input_valid
    raise NotValidLength(text, min_chars, max_chars)
deep_translator.exceptions.NotValidLength: Cut-through switching is a fundamental layer 2 architecture for ultra-low latency environments. By forwarding frames as soon as the destination MAC is identified, switches achieve wire speed performance without waiting for entire packet payloads. In high-performance networking, every nanosecond counts. Welcome to cut-through switching, a layer 2 forwarding architecture engineered for deterministic wire speed delivery without end-to-end buffer delays. Unlike traditional store-and-forward switches, cut-through doesn't wait for the entire frame to arrive. Its forwarding trigger occurs right at byte 14, immediately after the 6-byte destination MAC address is decoded. This architecture delivers three critical advantages. Number one, submicrosecond latency, bypassing full packet buffering for predictable transmission times. Number two, immediate egress trigger, streaming bits onto the outbound port as soon as the lookup completes. And number three, post-transmission FCS, deferring CRC validation to prioritize raw throughput over inline error filtering. The result, maximum throughput, and near-zero delay, where speed matters most. At the hardware level, the process begins after just 14 bytes are ingested. Once the destination MAC is parsed and a TCAM lookup identifies the egress port, the frame streams immediately to its destination. Comparing switching modes, store-and-forward prioritizes data integrity through full CRC validation, while cut-through prioritizes speed by sacrificing inline error checking. Fragment-free mode offers a middle ground. Filtering only collision-induced runt frames. The primary advantage of cut-through is its deterministic submicrosecond latency. Because the forwarding delay is decoupled from packet size, performance remains consistent even when processing jumbo frames, minimizing jitter across the network. These characteristics make cut-through ideal for high-frequency trading, high-performance computing clusters, and real-time media broadcasting. In these environments, minimizing even microsecond delays is essential for maintaining a competitive or technical edge. Engineers must note that cut-through requires symmetric link speeds. If ingress traffic exceeds egress capacity, the ASIC must silently fall back to store-and-forward buffering, nullifying the latency benefits of the cut-through architecture. Operational risks include the propagation of corrupted frames. Since error detection is deferred until after egress, invalid frames may occupy downstream bandwidth, forcing end hosts to drop corrupted packets and impacting overall network efficiency. In summary, use cut-through for controlled, high-speed, and clean physical fabrics where performance is the priority. Reserves store-and-forward for mixed-speed environments, WAN links, or scenarios requiring rigorous perimeter security inspections. --> Text length need to be between 0 and 500 characters
2026-09-23 10:48:16,968 - app.tools.speech_helpers - ERROR - Primary TTS failed, falling back to gTTS: 402 Client Error: Payment Required for url: https://api.elevenlabs.io/v1/text-to-speech/21m00Tcm4TlvDq8ikWAM
Traceback (most recent call last):
  File "D:\Project\from Github\Sn_System\SNPro_System\app\tools\speech_helpers.py", line 329, in synthesize_speech
    synthesize_with_elevenlabs(text, output_path, voice_id=elevenlabs_voice_id)
    ~~~~~~~~~~~~~~~~~~~~~~~~~~^^^^^^^^^^^^^^^^^^^^^^^^^^^^^^^^^^^^^^^^^^^^^^^^^
  File "D:\Project\from Github\Sn_System\SNPro_System\app\tools\speech_helpers.py", line 297, in synthesize_with_elevenlabs
    response.raise_for_status()
    ~~~~~~~~~~~~~~~~~~~~~~~~~^^
  File "D:\Project\from Github\Sn_System\SNPro_System\venv\Lib\site-packages\requests\models.py", line 1167, in raise_for_status
    raise HTTPError(http_error_msg, response=self)
requests.exceptions.HTTPError: 402 Client Error: Payment Required for url: https://api.elevenlabs.io/v1/text-to-speech/21m00Tcm4TlvDq8ikWAM
2026-09-23 11:55:22,162 - app.tools.speech_helpers - WARNING - Google rate limit — one short retry
2026-09-23 11:55:28,044 - app.tools.speech_helpers - WARNING - Google dead for this task — using MyMemory only
2026-09-23 11:55:41,521 - app.tools.speech_helpers - INFO - Translated chunk 1/1
2026-09-23 11:55:42,161 - app.tools.speech_helpers - ERROR - Primary TTS failed, falling back to gTTS: 402 Client Error: Payment Required for url: https://api.elevenlabs.io/v1/text-to-speech/21m00Tcm4TlvDq8ikWAM
Traceback (most recent call last):
  File "D:\Project\from Github\Sn_System\SNPro_System\app\tools\speech_helpers.py", line 347, in synthesize_speech
    synthesize_with_elevenlabs(text, output_path, voice_id=elevenlabs_voice_id)
    ~~~~~~~~~~~~~~~~~~~~~~~~~~^^^^^^^^^^^^^^^^^^^^^^^^^^^^^^^^^^^^^^^^^^^^^^^^^
  File "D:\Project\from Github\Sn_System\SNPro_System\app\tools\speech_helpers.py", line 315, in synthesize_with_elevenlabs
    response.raise_for_status()
    ~~~~~~~~~~~~~~~~~~~~~~~~~^^
  File "D:\Project\from Github\Sn_System\SNPro_System\venv\Lib\site-packages\requests\models.py", line 1167, in raise_for_status
    raise HTTPError(http_error_msg, response=self)
requests.exceptions.HTTPError: 402 Client Error: Payment Required for url: https://api.elevenlabs.io/v1/text-to-speech/21m00Tcm4TlvDq8ikWAM
